    OpenRGB v0.9+ (1.0rc2)
    Commit:  from 
    Launched: 20260406_110729
====================================================================================================

55    |Info:    [ResourceManager] Initializing HID interfaces: Success
55    |Info:    ------------------------------------------------------
55    |Info:    |               Start device detection               |
55    |Info:    ------------------------------------------------------
58    |Info:    ------------------------------------------------------
58    |Info:    |             Detecting I2C interfaces               |
58    |Info:    ------------------------------------------------------
59    |Info:    [ResourceManager] Registering I2C interface: /dev/i2c-3 Device 0000:0000 Subsystem: 0000:0000
59    |Warning: [i2c_smbus_linux] Failed to read i2c device PCI device ID
59    |Info:    [ResourceManager] Registering I2C interface: /dev/i2c-20 Device 0000:0000 Subsystem: 0000:0000
59    |Info:    [ResourceManager] Registering I2C interface: /dev/i2c-10 Device 1002:150E Subsystem: 1043:39A8
59    |Info:    [ResourceManager] Registering I2C interface: /dev/i2c-1 Device 0000:0000 Subsystem: 0000:0000
59    |Warning: [i2c_smbus_linux] Failed to read i2c device PCI device ID
59    |Info:    [ResourceManager] Registering I2C interface: /dev/i2c-19 Device 0000:0000 Subsystem: 0000:0000
59    |Warning: [i2c_smbus_linux] Failed to read i2c device PCI device ID
59    |Info:    [ResourceManager] Registering I2C interface: /dev/i2c-17 Device 0000:0000 Subsystem: 0000:0000
59    |Info:    [ResourceManager] Registering I2C interface: /dev/i2c-CSC3556:00-cs35l56-hda.1 Device 0000:0000 Subsystem: 0000:0000
59    |Info:    [ResourceManager] Registering I2C interface: /dev/i2c-8 Device 1002:150E Subsystem: 1043:39A8
59    |Warning: [i2c_smbus_linux] Failed to read i2c device PCI device ID
59    |Info:    [ResourceManager] Registering I2C interface: /dev/i2c-15 Device 0000:0000 Subsystem: 0000:0000
59    |Info:    [ResourceManager] Registering I2C interface: /dev/i2c-6 Device 1002:150E Subsystem: 1043:39A8
59    |Info:    [ResourceManager] Registering I2C interface: /dev/i2c-23 Device 1022:790B Subsystem: 1043:1024
59    |Warning: [i2c_smbus_linux] Failed to read i2c device PCI device ID
59    |Info:    [ResourceManager] Registering I2C interface: /dev/i2c-13 Device 0000:0000 Subsystem: 0000:0000
59    |Info:    [ResourceManager] Registering I2C interface: /dev/i2c-4 Device 1002:150E Subsystem: 1043:39A8
59    |Warning: [i2c_smbus_linux] Failed to read i2c device PCI device ID
59    |Info:    [ResourceManager] Registering I2C interface: /dev/i2c-21 Device 0000:0000 Subsystem: 0000:0000
59    |Info:    [ResourceManager] Registering I2C interface: /dev/i2c-11 Device 1002:150E Subsystem: 1043:39A8
59    |Info:    [ResourceManager] Registering I2C interface: /dev/i2c-2 Device 0000:0000 Subsystem: 0000:0000
59    |Info:    [ResourceManager] Registering I2C interface: /dev/i2c-0 Device 0000:0000 Subsystem: 0000:0000
59    |Warning: [i2c_smbus_linux] Failed to read i2c device PCI device ID
59    |Info:    [ResourceManager] Registering I2C interface: /dev/i2c-18 Device 0000:0000 Subsystem: 0000:0000
59    |Info:    [ResourceManager] Registering I2C interface: /dev/i2c-CSC3556:00-cs35l56-hda.2 Device 0000:0000 Subsystem: 0000:0000
59    |Info:    [ResourceManager] Registering I2C interface: /dev/i2c-9 Device 1002:150E Subsystem: 1043:39A8
59    |Warning: [i2c_smbus_linux] Failed to read i2c device PCI device ID
59    |Info:    [ResourceManager] Registering I2C interface: /dev/i2c-16 Device 0000:0000 Subsystem: 0000:0000
59    |Info:    [ResourceManager] Registering I2C interface: /dev/i2c-CSC3556:00-cs35l56-hda.0 Device 0000:0000 Subsystem: 0000:0000
59    |Info:    [ResourceManager] Registering I2C interface: /dev/i2c-7 Device 1002:150E Subsystem: 1043:39A8
59    |Info:    [ResourceManager] Registering I2C interface: /dev/i2c-24 Device 1022:790B Subsystem: 1043:1024
59    |Warning: [i2c_smbus_linux] Failed to read i2c device PCI device ID
59    |Info:    [ResourceManager] Registering I2C interface: /dev/i2c-14 Device 0000:0000 Subsystem: 0000:0000
59    |Info:    [ResourceManager] Registering I2C interface: /dev/i2c-ASCE1206:00 Device 0000:0000 Subsystem: 0000:0000
59    |Info:    [ResourceManager] Registering I2C interface: /dev/i2c-5 Device 1002:150E Subsystem: 1043:39A8
59    |Info:    [ResourceManager] Registering I2C interface: /dev/i2c-22 Device 1022:790B Subsystem: 1043:1024
59    |Info:    [ResourceManager] Registering I2C interface: /dev/i2c-12 Device 1002:150E Subsystem: 1043:39A8
59    |Info:    ------------------------------------------------------
59    |Info:    |               Detecting I2C devices                |
59    |Info:    ------------------------------------------------------
1150  |Info:    ------------------------------------------------------
1150  |Info:    |            Detecting I2C DIMM modules              |
1150  |Info:    ------------------------------------------------------
1297  |Info:    ------------------------------------------------------
1297  |Info:    |               Detecting I2C PCI devices            |
1297  |Info:    ------------------------------------------------------
1298  |Info:    ------------------------------------------------------
1298  |Info:    |               Detecting HID devices                |
1298  |Info:    ------------------------------------------------------
1298  |Info:    [EVision Keyboard 0C45:652F] Registering RGB controller
1723  |Info:    [G502 HERO Gaming Mouse] Registering RGB controller
1724  |ERROR:   [GA403WR] device capabilities not found. Please creata a new device request.
1739  |Info:    [KLM] Created new Seventy Five percent ANSI QWERTY with 6 rows and 14 columns containing 74 keys
1739  |Info:    [G533ZM] Registering RGB controller
1740  |Info:    ------------------------------------------------------
1740  |Info:    |            Detecting libusb HID devices            |
1740  |Info:    ------------------------------------------------------
1853  |Info:    ------------------------------------------------------
1853  |Info:    |              Detecting other devices               |
1853  |Info:    ------------------------------------------------------
2547  |Info:    [ASUS TUF Laptop Keyboard] Registering RGB controller
2551  |Info:    [ResourceManager] Calling Post-detection callbacks
2551  |Info:    ------------------------------------------------------
2551  |Info:    |                Detection completed                 |
2551  |Info:    ------------------------------------------------------
2551  |Dialog:  <h2>Some internal devices may not be detected:</h2><p>One or more I2C or SMBus interfaces failed to initialize.</p><p><b>RGB DRAM modules, some motherboards' onboard RGB lighting, and RGB Graphics Cards, will not be available in OpenRGB</b> without I2C or SMBus.</p><h4>How to fix this:</h4><p>On Linux, this is usually because the i2c-dev module is not loaded.</p><p>You must load the i2c-dev module along with the correct i2c driver for your motherboard. This is usually i2c-piix4 for AMD systems and i2c-i801 for Intel systems.</p><p>See <a href='https://help.openrgb.org/'>help.openrgb.org</a> for additional troubleshooting steps if you keep seeing this message.<br></p><h3>If you are not using internal RGB on a desktop this message is not important to you.</h3>
