22/12/25 (11:14:46) | ERROR: Exception when sending signal 9 to pid 18294
22/12/25 (11:14:46) | ERROR: [Errno 1] Operation not permitted
Traceback (most recent call last):
  File "/usr/bin/bpytop", line 5479, in process_keys
    os.kill(pid, sig)
    ~~~~~~~^^^^^^^^^^
PermissionError: [Errno 1] Operation not permitted
22/12/25 (11:14:50) | ERROR: Exception when sending signal 9 to pid 19070
22/12/25 (11:14:50) | ERROR: [Errno 1] Operation not permitted
Traceback (most recent call last):
  File "/usr/bin/bpytop", line 5479, in process_keys
    os.kill(pid, sig)
    ~~~~~~~^^^^^^^^^^
PermissionError: [Errno 1] Operation not permitted
22/12/25 (11:14:51) | ERROR: Exception when sending signal 9 to pid 19070
22/12/25 (11:14:51) | ERROR: [Errno 1] Operation not permitted
Traceback (most recent call last):
  File "/usr/bin/bpytop", line 5479, in process_keys
    os.kill(pid, sig)
    ~~~~~~~^^^^^^^^^^
PermissionError: [Errno 1] Operation not permitted
22/12/25 (11:14:51) | ERROR: Exception when sending signal 9 to pid 19070
22/12/25 (11:14:51) | ERROR: [Errno 1] Operation not permitted
Traceback (most recent call last):
  File "/usr/bin/bpytop", line 5479, in process_keys
    os.kill(pid, sig)
    ~~~~~~~^^^^^^^^^^
PermissionError: [Errno 1] Operation not permitted
22/12/25 (11:14:51) | ERROR: Exception when sending signal 9 to pid 19070
22/12/25 (11:14:51) | ERROR: [Errno 1] Operation not permitted
Traceback (most recent call last):
  File "/usr/bin/bpytop", line 5479, in process_keys
    os.kill(pid, sig)
    ~~~~~~~^^^^^^^^^^
PermissionError: [Errno 1] Operation not permitted
22/12/25 (11:14:51) | ERROR: Exception when sending signal 9 to pid 19070
22/12/25 (11:14:51) | ERROR: [Errno 1] Operation not permitted
Traceback (most recent call last):
  File "/usr/bin/bpytop", line 5479, in process_keys
    os.kill(pid, sig)
    ~~~~~~~^^^^^^^^^^
PermissionError: [Errno 1] Operation not permitted
22/12/25 (11:14:52) | ERROR: Exception when sending signal 9 to pid 19070
22/12/25 (11:14:52) | ERROR: [Errno 1] Operation not permitted
Traceback (most recent call last):
  File "/usr/bin/bpytop", line 5479, in process_keys
    os.kill(pid, sig)
    ~~~~~~~^^^^^^^^^^
PermissionError: [Errno 1] Operation not permitted
22/12/25 (11:14:52) | ERROR: Exception when sending signal 9 to pid 19070
22/12/25 (11:14:52) | ERROR: [Errno 1] Operation not permitted
Traceback (most recent call last):
  File "/usr/bin/bpytop", line 5479, in process_keys
    os.kill(pid, sig)
    ~~~~~~~^^^^^^^^^^
PermissionError: [Errno 1] Operation not permitted
22/12/25 (11:14:57) | ERROR: Exception when sending signal 9 to pid 19069
22/12/25 (11:14:57) | ERROR: [Errno 1] Operation not permitted
Traceback (most recent call last):
  File "/usr/bin/bpytop", line 5479, in process_keys
    os.kill(pid, sig)
    ~~~~~~~^^^^^^^^^^
PermissionError: [Errno 1] Operation not permitted
22/12/25 (11:14:58) | ERROR: Exception when sending signal 9 to pid 19069
22/12/25 (11:14:58) | ERROR: [Errno 1] Operation not permitted
Traceback (most recent call last):
  File "/usr/bin/bpytop", line 5479, in process_keys
    os.kill(pid, sig)
    ~~~~~~~^^^^^^^^^^
PermissionError: [Errno 1] Operation not permitted
22/12/25 (11:14:58) | ERROR: Exception when sending signal 9 to pid 19069
22/12/25 (11:14:58) | ERROR: [Errno 1] Operation not permitted
Traceback (most recent call last):
  File "/usr/bin/bpytop", line 5479, in process_keys
    os.kill(pid, sig)
    ~~~~~~~^^^^^^^^^^
PermissionError: [Errno 1] Operation not permitted
22/12/25 (11:14:58) | ERROR: Exception when sending signal 9 to pid 19069
22/12/25 (11:14:58) | ERROR: [Errno 1] Operation not permitted
Traceback (most recent call last):
  File "/usr/bin/bpytop", line 5479, in process_keys
    os.kill(pid, sig)
    ~~~~~~~^^^^^^^^^^
PermissionError: [Errno 1] Operation not permitted
22/12/25 (11:14:58) | ERROR: Exception when sending signal 9 to pid 19069
22/12/25 (11:14:58) | ERROR: [Errno 1] Operation not permitted
Traceback (most recent call last):
  File "/usr/bin/bpytop", line 5479, in process_keys
    os.kill(pid, sig)
    ~~~~~~~^^^^^^^^^^
PermissionError: [Errno 1] Operation not permitted
22/12/25 (11:14:58) | ERROR: Exception when sending signal 9 to pid 19069
22/12/25 (11:14:58) | ERROR: [Errno 1] Operation not permitted
Traceback (most recent call last):
  File "/usr/bin/bpytop", line 5479, in process_keys
    os.kill(pid, sig)
    ~~~~~~~^^^^^^^^^^
PermissionError: [Errno 1] Operation not permitted
22/12/25 (11:14:59) | ERROR: Exception when sending signal 9 to pid 19069
22/12/25 (11:14:59) | ERROR: [Errno 1] Operation not permitted
Traceback (most recent call last):
  File "/usr/bin/bpytop", line 5479, in process_keys
    os.kill(pid, sig)
    ~~~~~~~^^^^^^^^^^
PermissionError: [Errno 1] Operation not permitted
22/12/25 (11:14:59) | ERROR: Exception when sending signal 9 to pid 19069
22/12/25 (11:14:59) | ERROR: [Errno 1] Operation not permitted
Traceback (most recent call last):
  File "/usr/bin/bpytop", line 5479, in process_keys
    os.kill(pid, sig)
    ~~~~~~~^^^^^^^^^^
PermissionError: [Errno 1] Operation not permitted
22/12/25 (11:14:59) | ERROR: Exception when sending signal 9 to pid 19069
22/12/25 (11:14:59) | ERROR: [Errno 1] Operation not permitted
Traceback (most recent call last):
  File "/usr/bin/bpytop", line 5479, in process_keys
    os.kill(pid, sig)
    ~~~~~~~^^^^^^^^^^
PermissionError: [Errno 1] Operation not permitted
22/12/25 (11:15:05) | ERROR: Exception when sending signal 2 to pid 19069
22/12/25 (11:15:05) | ERROR: [Errno 1] Operation not permitted
Traceback (most recent call last):
  File "/usr/bin/bpytop", line 5479, in process_keys
    os.kill(pid, sig)
    ~~~~~~~^^^^^^^^^^
PermissionError: [Errno 1] Operation not permitted
22/12/25 (11:15:06) | ERROR: Exception when sending signal 2 to pid 19069
22/12/25 (11:15:06) | ERROR: [Errno 1] Operation not permitted
Traceback (most recent call last):
  File "/usr/bin/bpytop", line 5479, in process_keys
    os.kill(pid, sig)
    ~~~~~~~^^^^^^^^^^
PermissionError: [Errno 1] Operation not permitted
22/12/25 (11:15:06) | ERROR: Exception when sending signal 2 to pid 19069
22/12/25 (11:15:06) | ERROR: [Errno 1] Operation not permitted
Traceback (most recent call last):
  File "/usr/bin/bpytop", line 5479, in process_keys
    os.kill(pid, sig)
    ~~~~~~~^^^^^^^^^^
PermissionError: [Errno 1] Operation not permitted
22/12/25 (11:15:09) | ERROR: Exception when sending signal 9 to pid 19069
22/12/25 (11:15:09) | ERROR: [Errno 1] Operation not permitted
Traceback (most recent call last):
  File "/usr/bin/bpytop", line 5479, in process_keys
    os.kill(pid, sig)
    ~~~~~~~^^^^^^^^^^
PermissionError: [Errno 1] Operation not permitted
